<html>
<body>
<pre>
<h1>µVision Build Log</h1>
<h2>Tool Versions:</h2>
IDE-Version: µVision V5.32.0.0
Copyright (C) 2020 ARM Ltd and ARM Germany GmbH. All rights reserved.
License Information: gfhvbjn Microsoft, Microsoft, LIC=S5ITG-VYQM3-WK4B8-3VUQG-HRE7L-10XCS
 
Tool Versions:
Toolchain:       MDK-ARM Professional  Version: 5.32.0.0
Toolchain Path:  C:\Keil_v5\ARM\ARMCC\Bin
C Compiler:      Armcc.exe V5.06 update 7 (build 960)
Assembler:       Armasm.exe V5.06 update 7 (build 960)
Linker/Locator:  ArmLink.exe V5.06 update 7 (build 960)
Library Manager: ArmAr.exe V5.06 update 7 (build 960)
Hex Converter:   FromElf.exe V5.06 update 7 (build 960)
CPU DLL:         SARMCM3.DLL V5.32.0.0
Dialog DLL:      DCM.DLL V1.17.3.0
Target DLL:      UL2CM3.DLL V1.163.9.0
Dialog DLL:      TCM.DLL V1.46.0.0
 
<h2>Project:</h2>
C:\Users\hussamaldean\Documents\stm32projectsx\ST7735 Bare-Metal with dma\ADC_with_DMA.uvprojx
Project File Date:  02/25/2021

<h2>Output:</h2>
*** Using Compiler 'V5.06 update 7 (build 960)', folder: 'C:\Keil_v5\ARM\ARMCC\Bin'
Rebuild target 'STM32f407VETx'
compiling main.c...
SPI.h(10): warning:  #1-D: last line of file ends without a newline
  #endif
adc.h(10): warning:  #1-D: last line of file ends without a newline
  #endif
main.c(66): warning:  #1-D: last line of file ends without a newline
  }
main.c: 3 warnings, 0 errors
compiling SPI.c...
SPI.h(10): warning:  #1-D: last line of file ends without a newline
  #endif
SPI.c(51): warning:  #1-D: last line of file ends without a newline
  }
SPI.c: 2 warnings, 0 errors
compiling delay.c...
delay.c(41): warning:  #1-D: last line of file ends without a newline
  }
delay.c: 1 warning, 0 errors
assembling startup_stm32f407xx.s...
compiling ADC.c...
ADC.h(10): warning:  #1-D: last line of file ends without a newline
  #endif
ADC.c: 1 warning, 0 errors
compiling GLCD_ST7735.c...
SPI.h(10): warning:  #1-D: last line of file ends without a newline
  #endif
GLCD_ST7735.c: 1 warning, 0 errors
compiling system_stm32f4xx.c...
linking...
Program Size: Code=2682 RO-data=1702 RW-data=60 ZI-data=1652  
".\Objects\ST7735 Bare Metal.axf" - 0 Error(s), 8 Warning(s).

<h2>Software Packages used:</h2>

Package Vendor: ARM
                http://www.keil.com/pack/ARM.CMSIS.5.7.0.pack
                ARM.CMSIS.5.7.0
                CMSIS (Cortex Microcontroller Software Interface Standard)
   * Component: CORE Version: 5.4.0

Package Vendor: Keil
                http://www.keil.com/pack/Keil.STM32F4xx_DFP.2.15.0.pack
                Keil.STM32F4xx_DFP.2.15.0
                STMicroelectronics STM32F4 Series Device Support, Drivers and Examples
   * Component: Startup Version: 2.6.3

<h2>Collection of Component include folders:</h2>
  .\RTE\_STM32f407VETx
  C:\Users\hussamaldean\AppData\Local\Arm\Packs\ARM\CMSIS\5.7.0\CMSIS\Core\Include
  C:\Users\hussamaldean\AppData\Local\Arm\Packs\Keil\STM32F4xx_DFP\2.15.0\Drivers\CMSIS\Device\ST\STM32F4xx\Include

<h2>Collection of Component Files used:</h2>

   * Component: ARM::CMSIS:CORE:5.4.0

   * Component: Keil::Device:Startup:2.6.3
      Source file:   MDK\Device\Source\ARM\STM32F40xxx_41xxx_OPT.s
      Source file:   MDK\Device\Source\ARM\STM32F4xx_OTP.s
      Include file:  Drivers\CMSIS\Device\ST\STM32F4xx\Include\stm32f4xx.h
      Source file:   Drivers\CMSIS\Device\ST\STM32F4xx\Source\Templates\arm\startup_stm32f407xx.s
      Source file:   Drivers\CMSIS\Device\ST\STM32F4xx\Source\Templates\system_stm32f4xx.c
Build Time Elapsed:  00:00:02
</pre>
</body>
</html>
